// Jest Snapshot v1, https://goo.gl/fbAQLP

exports[`renders correctly 1`] = `
<div>
  <h1>
    Dictionary App
  </h1>
  <div
    className="col-auto"
  >
    <label
      className="form-label p-3"
      htmlFor="word"
    >
      Enter a word
    </label>
    <input
      className="mx-3"
      onChange={[Function]}
      onKeyDown={[Function]}
      placeholder="Enter a word"
      type="text"
    />
    <button
      className="btn btn-primary"
      onClick={[Function]}
      type="button"
    >
      Search
    </button>
  </div>
</div>
`;
